┌───────┬──────────────────────────────────────────────────────────────────────┐
│ Index │                                Title                                 │
├───────┼──────────────────────────────────────────────────────────────────────┤
│ 1     │ Base Guide A                                                         │
│ 2     │ Base Guide B                                                         │
│ 3     │ My Category > Guide                                                  │
└───────┴──────────────────────────────────────────────────────────────────────┘
